// Jest Snapshot v1, https://goo.gl/fbAQLP

exports[`renders correctly 1`] = `
<button
  className="button"
  onClick={[Function]}
  style={
    Object {
      "backgroundColor": "#e8813c",
      "width": "25%",
    }
  }
  type="button"
>
  +
</button>
`;
