// Jest Snapshot v1, https://goo.gl/fbAQLP

exports[`renders correctly 1`] = `
<div
  className="calc-result"
>
  <p
    className="result-display"
  >
    0
  </p>
</div>
`;
